
> intania-staff-buddy@1.0.0 web
> expo start --web

Starting project at C:\Users\kkk\Desktop\intania-staff-buddy
React Compiler enabled
Starting Metro Bundler
Waiting on http://localhost:8081
Logs for your project will appear below.
λ Bundled 1508ms node_modules\expo-router\node\render.js (1182 modules)
Web node_modules\expo-router\entry.js ▓▓▓▓▓▓▓▓▓▓▓▓▓▓▓░ 99.9% (1195/1195)
Web Bundled 2986ms node_modules\expo-router\entry.js (1195 modules)
Web Bundled 394ms node_modules\expo-router\entry.js (1045 modules)
 LOG  [web] Logs will appear in the browser console
Web node_modules\expo-router\entry.js ░░░░░░░░░░░░░░░░  0.0% (0/1)
λ Bundled 37ms node_modules\expo-router\node\render.js (1 module)
Web Bundled 464ms node_modules\expo-router\entry.js (1 module)
Web node_modules\expo-router\entry.js ░░░░░░░░░░░░░░░░  0.0% (0/1)
λ Bundled 37ms node_modules\expo-router\node\render.js (1 module)
Web Bundled 409ms node_modules\expo-router\entry.js (1 module)
λ Bundled 98ms node_modules\expo-router\node\render.js (1 module)
Web Bundled 35ms node_modules\expo-router\entry.js (1 module)
Web Bundled 416ms node_modules\expo-router\entry.js (1 module)
 LOG  [web] Logs will appear in the browser console
Web node_modules\expo-router\entry.js ░░░░░░░░░░░░░░░░  0.0% (0/1)
Web Bundled 248ms node_modules\expo-router\entry.js (1 module)
λ Bundled 329ms node_modules\expo-router\node\render.js (1 module)
Web node_modules\expo-router\entry.js ░░░░░░░░░░░░░░░░  0.0% (0/1)
λ Bundled 31ms node_modules\expo-router\node\render.js (1 module)
Web Bundled 376ms node_modules\expo-router\entry.js (1 module)
Web Bundled 35ms node_modules\expo-router\entry.js (1 module)
 LOG  [web] Logs will appear in the browser console
Web node_modules\expo-router\entry.js ░░░░░░░░░░░░░░░░  0.0% (0/1)
λ Bundled 43ms node_modules\expo-router\node\render.js (1 module)
Web Bundled 376ms node_modules\expo-router\entry.js (1 module)
Web Bundled 46ms node_modules\expo-router\entry.js (1 module)
 LOG  [web] Logs will appear in the browser console
Web node_modules\expo-router\entry.js ░░░░░░░░░░░░░░░░  0.0% (0/1)
Web Bundled 318ms node_modules\expo-router\entry.js (1 module)
λ Bundled 356ms node_modules\expo-router\node\render.js (1 module)
Web node_modules\expo-router\entry.js ░░░░░░░░░░░░░░░░  0.0% (0/1)
λ Bundled 43ms node_modules\expo-router\node\render.js (1 module)
Web Bundled 482ms node_modules\expo-router\entry.js (1 module)
λ Bundled 61ms node_modules\expo-router\node\render.js (1 module)
Web Bundled 48ms node_modules\expo-router\entry.js (1 module)
Web Bundled 463ms node_modules\expo-router\entry.js (1 module)
 LOG  [web] Logs will appear in the browser console
Web node_modules\expo-router\entry.js ░░░░░░░░░░░░░░░░  0.0% (0/1)
λ Bundled 26ms node_modules\expo-router\node\render.js (1 module)
Web Bundled 356ms node_modules\expo-router\entry.js (1 module)
Web Bundled 35ms node_modules\expo-router\entry.js (1 module)
 LOG  [web] Logs will appear in the browser console
Web node_modules\expo-router\entry.js ░░░░░░░░░░░░░░░░  0.0% (0/1)
Web Bundled 247ms node_modules\expo-router\entry.js (1 module)
λ Bundled 318ms node_modules\expo-router\node\render.js (1 module)
Web node_modules\expo-router\entry.js ░░░░░░░░░░░░░░░░  0.0% (0/1)
λ Bundled 38ms node_modules\expo-router\node\render.js (1 module)
Web Bundled 366ms node_modules\expo-router\entry.js (1 module)
Web Bundled 32ms node_modules\expo-router\entry.js (1 module)
 LOG  [web] Logs will appear in the browser console
Web node_modules\expo-router\entry.js ░░░░░░░░░░░░░░░░  0.0% (0/1)
λ Bundled 31ms node_modules\expo-router\node\render.js (1 module)
Web Bundled 318ms node_modules\expo-router\entry.js (1 module)
λ Bundled 98ms node_modules\expo-router\node\render.js (1 module)
Web Bundled 46ms node_modules\expo-router\entry.js (1 module)
Web Bundled 429ms node_modules\expo-router\entry.js (1 module)
 LOG  [web] Logs will appear in the browser console
Web node_modules\expo-router\entry.js ░░░░░░░░░░░░░░░░  0.0% (0/1)
Web Bundled 415ms node_modules\expo-router\entry.js (1 module)
λ Bundled 521ms node_modules\expo-router\node\render.js (1 module)
λ Bundled 85ms node_modules\expo-router\node\render.js (1 module)
Web Bundled 440ms node_modules\expo-router\entry.js (1 module)
Web Bundled 226ms node_modules\expo-router\entry.js (1 module)
 LOG  [web] Logs will appear in the browser console
Web node_modules\expo-router\entry.js ░░░░░░░░░░░░░░░░  0.0% (0/1)
Web Bundled 225ms node_modules\expo-router\entry.js (1 module)
λ Bundled 266ms node_modules\expo-router\node\render.js (1 module)
λ Bundled 44ms node_modules\expo-router\node\render.js (1 module)
Web Bundled 34ms node_modules\expo-router\entry.js (1 module)
Web Bundled 403ms node_modules\expo-router\entry.js (1 module)
 LOG  [web] Logs will appear in the browser console
Web node_modules\expo-router\entry.js ░░░░░░░░░░░░░░░░  0.0% (0/1)
λ Bundled 193ms node_modules\expo-router\node\render.js (1 module)
λ Bundled 203ms node_modules\expo-router\node\render.js (1 module)
Web Bundled 1100ms node_modules\expo-router\entry.js (1 module)
Web Bundled 1072ms node_modules\expo-router\entry.js (1 module)
Web node_modules\expo-router\entry.js ░░░░░░░░░░░░░░░░  0.0% (0/1)
λ Bundled 25ms node_modules\expo-router\node\render.js (1 module)
Web Bundled 360ms node_modules\expo-router\entry.js (1 module)
Web Bundled 57ms node_modules\expo-router\entry.js (1 module)
 LOG  [web] Logs will appear in the browser console
Web node_modules\expo-router\entry.js ░░░░░░░░░░░░░░░░  0.0% (0/1)
λ Bundled 25ms node_modules\expo-router\node\render.js (1 module)
Web Bundled 312ms node_modules\expo-router\entry.js (1 module)
λ Bundled 163ms node_modules\expo-router\node\render.js (1 module)
Web Bundled 41ms node_modules\expo-router\entry.js (1 module)
Web Bundled 465ms node_modules\expo-router\entry.js (1 module)
 LOG  [web] Logs will appear in the browser console
Web node_modules\expo-router\entry.js ░░░░░░░░░░░░░░░░  0.0% (0/1)
Web Bundled 227ms node_modules\expo-router\entry.js (1 module)
λ Bundled 327ms node_modules\expo-router\node\render.js (1 module)
Web node_modules\expo-router\entry.js ░░░░░░░░░░░░░░░░  0.0% (0/1)
Web Bundled 230ms node_modules\expo-router\entry.js (1 module)
λ Bundled 298ms node_modules\expo-router\node\render.js (1 module)
Web node_modules\expo-router\entry.js ░░░░░░░░░░░░░░░░  0.0% (0/1)
λ Bundled 33ms node_modules\expo-router\node\render.js (1 module)
Web Bundled 375ms node_modules\expo-router\entry.js (1 module)
λ Bundled 104ms node_modules\expo-router\node\render.js (1 module)
Web Bundled 30ms node_modules\expo-router\entry.js (1 module)
Web Bundled 395ms node_modules\expo-router\entry.js (1 module)
 LOG  [web] Logs will appear in the browser console
