Starting project at C:\Users\kkk\Desktop\intania-staff-buddy
React Compiler enabled
Starting Metro Bundler
warning: Bundler cache is empty, rebuilding (this may take a minute)
Failed to resolve the Android SDK path. ANDROID_HOME is set to a non-existing path: C:\Users\kkk\AppData\Local\Android\Sdk 
Failed to resolve the Android SDK path. ANDROID_HOME is set to a non-existing path: C:\Users\kkk\AppData\Local\Android\Sdk 
Failed to resolve the Android SDK path. ANDROID_HOME is set to a non-existing path: C:\Users\kkk\AppData\Local\Android\Sdk 
Failed to resolve the Android SDK path. ANDROID_HOME is set to a non-existing path: C:\Users\kkk\AppData\Local\Android\Sdk 
Failed to resolve the Android SDK path. ANDROID_HOME is set to a non-existing path: C:\Users\kkk\AppData\Local\Android\Sdk 
Failed to resolve the Android SDK path. ANDROID_HOME is set to a non-existing path: C:\Users\kkk\AppData\Local\Android\Sdk 
Failed to resolve the Android SDK path. ANDROID_HOME is set to a non-existing path: C:\Users\kkk\AppData\Local\Android\Sdk 
Failed to resolve the Android SDK path. ANDROID_HOME is set to a non-existing path: C:\Users\kkk\AppData\Local\Android\Sdk 
› Opening exp://172.31.133.131:8082 on Phone
Failed to resolve the Android SDK path. ANDROID_HOME is set to a non-existing path: C:\Users\kkk\AppData\Local\Android\Sdk 
Failed to resolve the Android SDK path. ANDROID_HOME is set to a non-existing path: C:\Users\kkk\AppData\Local\Android\Sdk 
Failed to resolve the Android SDK path. ANDROID_HOME is set to a non-existing path: C:\Users\kkk\AppData\Local\Android\Sdk 
Failed to resolve the Android SDK path. ANDROID_HOME is set to a non-existing path: C:\Users\kkk\AppData\Local\Android\Sdk 
Failed to resolve the Android SDK path. ANDROID_HOME is set to a non-existing path: C:\Users\kkk\AppData\Local\Android\Sdk 
Failed to resolve the Android SDK path. ANDROID_HOME is set to a non-existing path: C:\Users\kkk\AppData\Local\Android\Sdk 
Failed to resolve the Android SDK path. ANDROID_HOME is set to a non-existing path: C:\Users\kkk\AppData\Local\Android\Sdk 
Failed to resolve the Android SDK path. ANDROID_HOME is set to a non-existing path: C:\Users\kkk\AppData\Local\Android\Sdk 
Waiting on http://localhost:8082
Logs for your project will appear below.
› Detected a change in metro.config.js. Restart the server to see the new results.
C:\Users\kkk\Desktop\intania-staff-buddy\node_modules\expo\node_modules\@expo\cli\build\src\utils\errors.js:130
    throw error;
    ^

Error: ENOENT: no such file or directory, watch 'C:\Users\kkk\Desktop\intania-staff-buddy\node_modules\.react-native-base64-kJslTdhx\.idea'
    at FSWatcher.<computed> (node:internal/fs/watchers:321:19)
    at Object.watch (node:fs:2532:36)
    at FallbackWatcher._watchdir (C:\Users\kkk\Desktop\intania-staff-buddy\node_modules\metro-file-map\src\watchers\FallbackWatcher.js:119:33)
    at C:\Users\kkk\Desktop\intania-staff-buddy\node_modules\metro-file-map\src\watchers\FallbackWatcher.js:219:22
    at Walker.<anonymous> (C:\Users\kkk\Desktop\intania-staff-buddy\node_modules\metro-file-map\src\watchers\FallbackWatcher.js:358:5)
    at Walker.emit (node:events:509:20)
    at C:\Users\kkk\Desktop\intania-staff-buddy\node_modules\walker\lib\walker.js:69:16
    at FSReqCallback.oncomplete (node:fs:180:23) {
  errno: -4058,
  syscall: 'watch',
  code: 'ENOENT',
  path: 'C:\\Users\\kkk\\Desktop\\intania-staff-buddy\\node_modules\\.react-native-base64-kJslTdhx\\.idea',
  filename: 'C:\\Users\\kkk\\Desktop\\intania-staff-buddy\\node_modules\\.react-native-base64-kJslTdhx\\.idea'
}

Node.js v26.1.0
